// Jest Snapshot v1, https://goo.gl/fbAQLP

exports[`SortRow matches test snapshot 1`] = `
<div
  className="row"
  sortValue="post"
>
  <div
    className="sort-col col"
  >
    <div
      className="float-end"
    >
      <span>
        Sort by: 
      </span>
      <span
        className="active"
        onClick={[Function]}
        sortValue="post"
      >
        Post |
      </span>
      <span
        className="not-active"
        onClick={[Function]}
        sortValue="ascending"
      >
         A-z |
      </span>
      <span
        className="not-active"
        onClick={[Function]}
        sortValue="descending"
      >
         Z-a
      </span>
    </div>
  </div>
</div>
`;
